|===>.../fpp                            |  6 ++--
RRRRRRRRRRRR                                                                    
.../src/__tests__/__init__.py      |  0
BBBBBBBBBBBBBBBBBBBBBBBBBBBBB                                                   
.../src/__tests__/cursesForTest.py | 45 ++++++++++++++++++++++++++++
__________________________________                                              

                                                                                

                                                                                

                                                                                

                                                                                

                                                                                

                                                                                

                                                                                

                                                                                

                                                                                

                                                                                

                                                                                

                                                                                

                                                                                

                                                                                

                                                                                

                                                                                

                                                                                

                                                                                

                                                                                

                                                                                

                                                                                

                                                                                

                                                                                

                                                                                

                                                                                
________________________________________________________________________________
                                                                                
[f|A] selection, [down|j|up|k|space|b] navigation, [enter] open, [x] quick selec
                                                                                