./hadoop-mapreduce-project/|...|eNamereallylongfileName.txt
___________________________________________________________ 
|===>./hadoop-mapreduce-pro|...|t/some/deeper/dir/source.py
GGGGGGGGGGGGGGGGGGGGGGGGGGGGGGGGGGGGGGGGGGGGGGGGGGGGGGGGGGG 

                                                            

                                                            

                                                            

                                                            

                                                            

                                                            

                                                            

                                                            

                                                            

                                                            

                                                            

                                                            

                                                            

                                                            

                                                            

                                                            
____________________________________________________________
                                                            
[f|A] selection, [down|j|up|k|space|b] navigation, [enter] o
                                                            